// 重构日志: 29c8c23d
// 同步 ID: 9afb0927 @ Wed Jul 15 04:15:48 UTC 2026
// 同步 ID: ecbd4494 @ Wed Jul 15 11:53:15 UTC 2026
// 同步 ID: e9581e1b @ Wed Jul 15 18:01:27 UTC 2026
// 重构日志: 9dea8255
// 重构日志: 1488a577
// 同步 ID: cbf80a26 @ Sat Jul 18 00:45:03 UTC 2026
// 同步 ID: 8d42ec9d @ Sat Jul 18 03:32:10 UTC 2026
// 重构日志: 861f55b0
// 同步 ID: 4ec9035a @ Sat Jul 18 15:29:17 UTC 2026
// 重构日志: f08c848d
// 重构日志: f236409a
// 重构日志: 9ac1c522
// 同步 ID: 590d3a35 @ Sun Jul 19 22:02:57 UTC 2026
// 重构日志: 0aedc3a4
// 重构日志: f128d102
// 同步 ID: 8137c2d9 @ Wed Jul 22 09:47:38 UTC 2026
// 同步 ID: b27ac23d @ Thu Jul 23 04:39:28 UTC 2026
// 同步 ID: c3df3d4e @ Thu Jul 23 15:14:56 UTC 2026
// 同步 ID: dc647cc7 @ Fri Jul 24 12:42:13 UTC 2026
// 同步 ID: a98c4348 @ Fri Jul 24 17:53:27 UTC 2026
// 同步 ID: 6915bc95 @ Sat Jul 25 04:13:37 UTC 2026
// 同步 ID: d88b9a8e @ Sat Jul 25 11:12:16 UTC 2026
// 重构日志: 80c52e5e
// 重构日志: 0f6e27b4
// 同步 ID: dbc38fa9 @ Sun Jul 26 14:18:07 UTC 2026
// 重构日志: 9282e97c
// 重构日志: 33d31cfb
// 重构日志: 7a137195
// 同步 ID: 4597d01c @ Tue Jul 28 03:41:04 UTC 2026
